35023
35027
35051
35053
35059
35069
35081
35083
35089
35099
35107
35111
35117
35129
35141
35149
35153
35159
35171
35201
35221
35227
35251
35257
35267
35279
35281
35291
35311
35317
35323
35327
35339
35353
35363
35381
35393
35401
35407
35419
35423
35437
35447
35449
35461
35491
35507
35509
35521
35527
35531
35533
35537
35543
35569
35573
35591
35593
35597
35603
35617
35671
35677
35729
35731
35747
35753
35759
35771
35797
35801
35803
35809
35831
35837
35839
35851
35863
35869
35879
35897
35899
35911
35923
35933
35951
35963
35969
35977
35983
35993
35999
36007
36011
36013
36017
36037
36061
36067
36073
36083
36097
36107
36109
36131
36137
36151
36161
36187
36191
36209
36217
36229
36241
36251
36263
36269
36277
36293
36299
36307
36313
36319
36341
36343
36353
36373
36383
36389
36433
36451
36457
36467
36469
36473
36479
36493
36497
36523
36527
36529
36541
36551
36559
36563
36571
36583
36587
36599
36607
36629
36637
36643
36653
36671
36677
36683
36691
36697
36709
36713
36721
36739
36749
36761
36767
36779
36781
36787
36791
36793
36809
36821
36833
36847
36857
36871
36877
36887
36899
36901
36913
36919
36923
36929
36931
36943
36947
36973
36979
36997
37003
37013
37019
37021
37039
37049
37057
37061
37087
37097
37117
37123
37139
37159
37171
37181
37189
37199
37201
37217
37223
37243
37253
37273
37277
37307
37309
37313
37321
37337
37339
37357
37361
37363
37369
37379
37397
37409
37423
37441
37447
37463
37483
37489
37493
37501
37507
37511
37517
37529
37537
37547
37549
37561
37567
37571
37573
37579
37589
37591
37607
37619
37633
37643
37649
37657
37663
37691
37693
37699
37717
37747
37781
37783
37799
37811
37813
37831
37847
37853
37861
37871
37879
37889
37897
37907
37951
37957
37963
37967
37987
37991
37993
37997
38011
38039
38047
38053
38069
38083
38113
38119
38149
38153
38167
38177
38183
38189
38197
38201
38219
38231
38237
38239
38261
38273
38281
38287
38299
38303
38317
38321
38327
38329
38333
38351
38371
38377
38393
38431
38447
38449
38453
38459
38461
38501
38543
38557
38561
38567
38569
38593
38603
38609
38611
38629
38639
38651
38653
38669
38671
38677
38693
38699
38707
38711
38713
38723
38729
38737
38747
38749
38767
38783
38791
38803
38821
38833
38839
38851
38861
38867
38873
38891
38903
38917
38921
38923
38933
38953
38959
38971
38977
38993
39019
39023
39041
39043
39047
39079
39089
39097
39103
39107
39113
39119
39133
39139
39157
39161
39163
39181
39191
39199
39209
39217
39227
39229
39233
39239
39241
39251
39293
39301
39313
39317
39323
39341
39343
39359
39367
39371
39373
39383
39397
39409
39419
39439
39443
39451
39461
39499
39503
39509
39511
39521
39541
39551
39563
39569
39581
39607
39619
39623
39631
39659
39667
39671
39679
39703
39709
39719
39727
39733
39749
39761
39769
39779
39791
39799
39821
39827
39829
39839
39841
39847
39857
39863
39869
39877
39883
39887
39901
39929
39937
39953
39971
39979
39983
39989
40009
40013
40031
40037
40039
40063
40087
40093
40099
40111
40123
40127
40129
40151
40153
40163
40169
40177
40189
40193
40213
40231
40237
40241
40253
40277
40283
40289
40343
40351
40357
40361
40387
40423
40427
40429
40433
40459
40471
40483
40487
40493
40499
40507
40519
40529
40531
40543
40559
40577
40583
40591
40597
40609
40627
40637
40639
40693
40697
40699
40709
40739
40751
40759
40763
40771
40787
40801
40813
40819
40823
40829
40841
40847
40849
40853
40867
40879
40883
40897
40903
40927
40933
40939
40949
40961
40973
40993
41011
41017
41023
41039
41047
41051
41057
41077
41081
41113
41117
41131
41141
41143
41149
41161
41177
41179
41183
41189
41201
41203
41213
41221
41227
41231
41233
41243
41257
41263
41269
41281
41299
41333
41341
41351
41357
41381
41387
41389
41399
41411
41413
41443
41453
41467
41479
41491
41507
41513
41519
41521
41539
41543
41549
41579
41593
41597
41603
41609
41611
41617
41621
41627
41641
41647
41651
41659
41669
41681
41687
41719
41729
41737
41759
41761
41771
41777
41801
41809
41813
41843
41849
41851
41863
41879
41887
41893
41897
41903
41911
41927
41941
41947
41953
41957
41959
41969
41981
41983
41999
42013
42017
42019
42023
42043
42061
42071
42073
42083
42089
42101
42131
42139
42157
42169
42179
42181
42187
42193
42197
42209
42221
42223
42227
42239
42257
42281
42283
42293
42299
42307
42323
42331
42337
42349
42359
42373
42379
42391
42397
42403
42407
42409
42433
42437
42443
42451
42457
42461
42463
42467
42473
42487
42491
42499
42509
42533
42557
42569
42571
42577
42589
42611
42641
42643
42649
42667
42677
42683
42689
42697
42701
42703
42709
42719
42727
42737
42743
42751
42767
42773
42787
42793
42797
42821
42829
42839
42841
42853
42859
42863
42899
42901
42923
42929
42937
42943
42953
42961
42967
42979
42989
43003
43013
43019
43037
43049
43051
43063
43067
43093
43103
43117
43133
43151
43159
43177
43189
43201
43207
43223
43237
43261
43271
43283
43291
43313
43319
43321
43331
43391
43397
43399
43403
43411
43427
43441
43451
43457
43481
43487
43499
43517
43541
43543
43573
43577
43579
43591
43597
43607
43609
43613
43627
43633
43649
43651
43661
43669
43691
43711
43717
43721
43753
43759
43777
43781
43783
43787
43789
43793
43801
43853
43867
43889
43891
43913
43933
43943
43951
43961
43963
43969
43973
43987
43991
43997
44017
44021
44027
44029
44041
44053
44059
44071
44087
44089
44101
44111
44119
44123
44129
44131
44159
44171
44179
44189
44201
44203
44207
44221
44249
44257
44263
44267
44269
44273
44279
44281
44293
44351
44357
44371
44381
44383
44389
44417
44449
44453
44483
44491
44497
44501
44507
44519
44531
44533
44537
44543
44549
44563
44579
44587
44617
44621
44623
44633
44641
44647
44651
44657
44683
44687
44699
44701
44711
44729
44741
44753
44771
44773
44777
44789
44797
44809
44819
44839
44843
44851
44867
44879
44887
44893
44909
44917
44927
44939
44953
44959
44963
44971
44983
44987
